// Jest Snapshot v1, https://goo.gl/fbAQLP

exports[`expect to render a snapshot of component 1`] = `ShallowWrapper {}`;
